
Memory Configuration

Name             Origin             Length             Attributes
flash            0x00000000         0x20000000         xr
SRAM             0x20000000         0x20000000         xrw
*default*        0x00000000         0xffffffff

Linker script and memory map


.text           0x00000000      0x2f8
 *(.vectors*)
 .vectors       0x00000000       0x1c startup.o
                0x00000000                p_f_vectors
 *(.text*)
 .text          0x0000001c       0x1c AlarmActuatorDriver.o
                0x0000001c                ST_AC_on
                0x0000002a                ST_AC_off
 .text          0x00000038       0x88 AlarmMonitor.o
                0x00000038                HighPressureDetected
                0x00000070                ST_AlarmON
                0x00000090                ST_AlarmOFF
 .text          0x000000c0       0xc4 driver.o
                0x000000c0                Delay
                0x000000e2                getPressureVal
                0x000000f8                Set_Alarm_actuator
                0x00000134                GPIO_INITIALIZATION
 .text          0x00000184       0x58 main.o
                0x00000184                main
                0x0000019a                HighPressureDetection
 .text          0x000001dc       0x8c PressureSensorDriver.o
                0x000001dc                set_pressure_val
                0x000001f4                ST_reading
                0x00000210                ST_waiting
 .text          0x00000268       0x90 startup.o
                0x00000268                Bus_Fault_Handler
                0x00000268                MM_fault_Handler
                0x00000268                Hard_fault_Handler
                0x00000268                Usage_Fault_Handler
                0x00000268                Default_handler
                0x00000268                NMI_Handler
                0x00000274                Rest_Handler
 *(.rodata)
                0x000002f8                _E_TEXT = .

.glue_7         0x000002f8        0x0
 .glue_7        0x000002f8        0x0 linker stubs

.glue_7t        0x000002f8        0x0
 .glue_7t       0x000002f8        0x0 linker stubs

.vfp11_veneer   0x000002f8        0x0
 .vfp11_veneer  0x000002f8        0x0 linker stubs

.v4_bx          0x000002f8        0x0
 .v4_bx         0x000002f8        0x0 linker stubs

.iplt           0x000002f8        0x0
 .iplt          0x000002f8        0x0 AlarmActuatorDriver.o

.rel.dyn        0x000002f8        0x0
 .rel.iplt      0x000002f8        0x0 AlarmActuatorDriver.o

.data           0x20000000        0xc load address 0x000002f8
                0x20000000                _S_DATA = .
 *(.data)
 .data          0x20000000        0x0 AlarmActuatorDriver.o
 .data          0x20000000        0x4 AlarmMonitor.o
                0x20000000                AlarmDuration
 .data          0x20000004        0x0 driver.o
 .data          0x20000004        0x4 main.o
                0x20000004                threshold
 .data          0x20000008        0x4 PressureSensorDriver.o
                0x20000008                Psensor_pull_time
 .data          0x2000000c        0x0 startup.o
                0x2000000c                . = ALIGN (0x4)
                0x2000000c                _E_DATA = .

.igot.plt       0x2000000c        0x0 load address 0x00000304
 .igot.plt      0x2000000c        0x0 AlarmActuatorDriver.o

.bss            0x2000000c      0x410 load address 0x00000304
                0x2000000c                _S_BSS = .
 *(.bss*)
 .bss           0x2000000c        0x0 AlarmActuatorDriver.o
 .bss           0x2000000c        0x1 AlarmMonitor.o
                0x2000000c                AM_state_id
 .bss           0x2000000d        0x0 driver.o
 *fill*         0x2000000d        0x3 
 .bss           0x20000010        0x4 main.o
                0x20000010                flag
 .bss           0x20000014        0x8 PressureSensorDriver.o
                0x20000014                PS_state_id
                0x20000018                pVal
 .bss           0x2000001c      0x400 startup.o
                0x2000041c                . = ALIGN (0x4)
                0x2000041c                _E_BSS = .
LOAD AlarmActuatorDriver.o
LOAD AlarmMonitor.o
LOAD driver.o
LOAD main.o
LOAD PressureSensorDriver.o
LOAD startup.o
OUTPUT(PRESSURE_DETECTION.elf elf32-littlearm)
LOAD linker stubs

.debug_info     0x00000000      0x716
 .debug_info    0x00000000       0xa6 AlarmActuatorDriver.o
 .debug_info    0x000000a6      0x194 AlarmMonitor.o
 .debug_info    0x0000023a      0x112 driver.o
 .debug_info    0x0000034c       0xde main.o
 .debug_info    0x0000042a      0x145 PressureSensorDriver.o
 .debug_info    0x0000056f      0x1a7 startup.o

.debug_abbrev   0x00000000      0x403
 .debug_abbrev  0x00000000       0x42 AlarmActuatorDriver.o
 .debug_abbrev  0x00000042       0xe1 AlarmMonitor.o
 .debug_abbrev  0x00000123       0xc3 driver.o
 .debug_abbrev  0x000001e6       0x82 main.o
 .debug_abbrev  0x00000268       0xb8 PressureSensorDriver.o
 .debug_abbrev  0x00000320       0xe3 startup.o

.debug_loc      0x00000000      0x374
 .debug_loc     0x00000000       0x58 AlarmActuatorDriver.o
 .debug_loc     0x00000058       0x84 AlarmMonitor.o
 .debug_loc     0x000000dc      0x140 driver.o
 .debug_loc     0x0000021c       0x58 main.o
 .debug_loc     0x00000274       0x84 PressureSensorDriver.o
 .debug_loc     0x000002f8       0x7c startup.o

.debug_aranges  0x00000000       0xc0
 .debug_aranges
                0x00000000       0x20 AlarmActuatorDriver.o
 .debug_aranges
                0x00000020       0x20 AlarmMonitor.o
 .debug_aranges
                0x00000040       0x20 driver.o
 .debug_aranges
                0x00000060       0x20 main.o
 .debug_aranges
                0x00000080       0x20 PressureSensorDriver.o
 .debug_aranges
                0x000000a0       0x20 startup.o

.debug_line     0x00000000      0x4bc
 .debug_line    0x00000000       0x54 AlarmActuatorDriver.o
 .debug_line    0x00000054       0x89 AlarmMonitor.o
 .debug_line    0x000000dd      0x149 driver.o
 .debug_line    0x00000226       0x73 main.o
 .debug_line    0x00000299       0x95 PressureSensorDriver.o
 .debug_line    0x0000032e      0x18e startup.o

.debug_str      0x00000000      0x301
 .debug_str     0x00000000      0x126 AlarmActuatorDriver.o
                                0x15f (size before relaxing)
 .debug_str     0x00000126       0x76 AlarmMonitor.o
                                0x1d0 (size before relaxing)
 .debug_str     0x0000019c       0x57 driver.o
                                0x196 (size before relaxing)
 .debug_str     0x000001f3       0x31 main.o
                                0x16c (size before relaxing)
 .debug_str     0x00000224       0x54 PressureSensorDriver.o
                                0x1c0 (size before relaxing)
 .debug_str     0x00000278       0x89 startup.o
                                0x1c2 (size before relaxing)

.comment        0x00000000       0x49
 .comment       0x00000000       0x49 AlarmActuatorDriver.o
                                 0x4a (size before relaxing)
 .comment       0x00000049       0x4a AlarmMonitor.o
 .comment       0x00000049       0x4a driver.o
 .comment       0x00000049       0x4a main.o
 .comment       0x00000049       0x4a PressureSensorDriver.o
 .comment       0x00000049       0x4a startup.o

.ARM.attributes
                0x00000000       0x2d
 .ARM.attributes
                0x00000000       0x2d AlarmActuatorDriver.o
 .ARM.attributes
                0x0000002d       0x2d AlarmMonitor.o
 .ARM.attributes
                0x0000005a       0x2d driver.o
 .ARM.attributes
                0x00000087       0x2d main.o
 .ARM.attributes
                0x000000b4       0x2d PressureSensorDriver.o
 .ARM.attributes
                0x000000e1       0x2d startup.o

.debug_frame    0x00000000      0x248
 .debug_frame   0x00000000       0x48 AlarmActuatorDriver.o
 .debug_frame   0x00000048       0x64 AlarmMonitor.o
 .debug_frame   0x000000ac       0xa0 driver.o
 .debug_frame   0x0000014c       0x48 main.o
 .debug_frame   0x00000194       0x64 PressureSensorDriver.o
 .debug_frame   0x000001f8       0x50 startup.o
