
Memory Configuration

Name             Origin             Length             Attributes
flash            0x00000000         0x20000000         xr
SRAM             0x20000000         0x20000000         xrw
*default*        0x00000000         0xffffffff

Linker script and memory map


.text           0x00000000      0x138
 *(.vectors*)
 .vectors       0x00000000       0x1c startup.o
                0x00000000                p_f_vectors
 *(.text*)
 .text          0x0000001c       0x8c main.o
                0x0000001c                main
 .text          0x000000a8       0x90 startup.o
                0x000000a8                Bus_Fault_Handler
                0x000000a8                MM_fault_Handler
                0x000000a8                Hard_fault_Handler
                0x000000a8                Usage_Fault_Handler
                0x000000a8                Default_handler
                0x000000a8                NMI_Handler
                0x000000b4                Rest_Handler
 *(.rodata)
                0x00000138                _E_TEXT = .

.glue_7         0x00000138        0x0
 .glue_7        0x00000138        0x0 linker stubs

.glue_7t        0x00000138        0x0
 .glue_7t       0x00000138        0x0 linker stubs

.vfp11_veneer   0x00000138        0x0
 .vfp11_veneer  0x00000138        0x0 linker stubs

.v4_bx          0x00000138        0x0
 .v4_bx         0x00000138        0x0 linker stubs

.iplt           0x00000138        0x0
 .iplt          0x00000138        0x0 startup.o

.rel.dyn        0x00000138        0x0
 .rel.iplt      0x00000138        0x0 startup.o

.data           0x20000000        0x0 load address 0x00000138
                0x20000000                _S_DATA = .
 *(.data)
 .data          0x20000000        0x0 main.o
 .data          0x20000000        0x0 startup.o
                0x20000000                . = ALIGN (0x4)
                0x20000000                _E_DATA = .

.igot.plt       0x20000000        0x0 load address 0x00000138
 .igot.plt      0x20000000        0x0 startup.o

.bss            0x20000000      0x400 load address 0x00000138
                0x20000000                _S_BSS = .
 *(.bss*)
 .bss           0x20000000        0x0 main.o
 .bss           0x20000000      0x400 startup.o
                0x20000400                . = ALIGN (0x4)
                0x20000400                _E_BSS = .
LOAD main.o
LOAD startup.o
OUTPUT(learn_in_depth_cortex_m4.elf elf32-littlearm)
LOAD linker stubs

.debug_info     0x00000000      0x240
 .debug_info    0x00000000       0x99 main.o
 .debug_info    0x00000099      0x1a7 startup.o

.debug_abbrev   0x00000000      0x13f
 .debug_abbrev  0x00000000       0x5c main.o
 .debug_abbrev  0x0000005c       0xe3 startup.o

.debug_loc      0x00000000       0xb4
 .debug_loc     0x00000000       0x38 main.o
 .debug_loc     0x00000038       0x7c startup.o

.debug_aranges  0x00000000       0x40
 .debug_aranges
                0x00000000       0x20 main.o
 .debug_aranges
                0x00000020       0x20 startup.o

.debug_line     0x00000000      0x22a
 .debug_line    0x00000000       0x9c main.o
 .debug_line    0x0000009c      0x18e startup.o

.debug_str      0x00000000      0x1cd
 .debug_str     0x00000000      0x139 main.o
                                0x16d (size before relaxing)
 .debug_str     0x00000139       0x94 startup.o
                                0x1fe (size before relaxing)

.comment        0x00000000       0x49
 .comment       0x00000000       0x49 main.o
                                 0x4a (size before relaxing)
 .comment       0x00000049       0x4a startup.o

.ARM.attributes
                0x00000000       0x2e
 .ARM.attributes
                0x00000000       0x2e main.o
 .ARM.attributes
                0x0000002e       0x2e startup.o

.debug_frame    0x00000000       0x7c
 .debug_frame   0x00000000       0x2c main.o
 .debug_frame   0x0000002c       0x50 startup.o
