
Memory Configuration

Name             Origin             Length             Attributes
Mem              0x00000000         0x04000000         xrw
*default*        0x00000000         0xffffffff

Linker script and memory map

                0x00010000                . = 0x10000

.reset          0x00010000       0x10
 startup.o(.text)
 .text          0x00010000       0x10 startup.o
                0x00010000                reset

.text           0x00010010       0xd8
 *(.text)
 .text          0x00010010       0x58 UART.o
                0x00010010                Uart_sendstr
 .text          0x00010068       0x1c app.o
                0x00010068                main
 *(.rodata)
 .rodata        0x00010084       0x64 app.o
                0x00010084                x2

.glue_7         0x000100e8        0x0
 .glue_7        0x000100e8        0x0 linker stubs

.glue_7t        0x000100e8        0x0
 .glue_7t       0x000100e8        0x0 linker stubs

.vfp11_veneer   0x000100e8        0x0
 .vfp11_veneer  0x000100e8        0x0 linker stubs

.v4_bx          0x000100e8        0x0
 .v4_bx         0x000100e8        0x0 linker stubs

.iplt           0x000100e8        0x0
 .iplt          0x000100e8        0x0 startup.o

.rel.dyn        0x000100e8        0x0
 .rel.iplt      0x000100e8        0x0 startup.o

.data           0x000100e8       0x64
 *(.data)
 .data          0x000100e8        0x0 startup.o
 .data          0x000100e8        0x0 UART.o
 .data          0x000100e8       0x64 app.o
                0x000100e8                x

.igot.plt       0x0001014c        0x0
 .igot.plt      0x0001014c        0x0 startup.o

.bss            0x0001014c        0x0
 *(.bss)
 .bss           0x0001014c        0x0 startup.o
 .bss           0x0001014c        0x0 UART.o
 .bss           0x0001014c        0x0 app.o
                0x0001114c                . = (. + 0x1000)
                0x0001114c                stack_top = .
LOAD UART.o
LOAD app.o
LOAD startup.o
OUTPUT(learn_in_depth.elf elf32-littlearm)
LOAD linker stubs

.ARM.attributes
                0x00000000       0x2e
 .ARM.attributes
                0x00000000       0x22 startup.o
 .ARM.attributes
                0x00000022       0x2c UART.o
 .ARM.attributes
                0x0000004e       0x2c app.o

.comment        0x00000000       0x49
 .comment       0x00000000       0x49 UART.o
                                 0x4a (size before relaxing)
 .comment       0x00000049       0x4a app.o

.debug_line     0x00000000       0x3a
 .debug_line    0x00000000       0x3a startup.o

.debug_info     0x00000000       0x26
 .debug_info    0x00000000       0x26 startup.o

.debug_abbrev   0x00000000       0x14
 .debug_abbrev  0x00000000       0x14 startup.o

.debug_aranges  0x00000000       0x20
 .debug_aranges
                0x00000000       0x20 startup.o

.debug_str      0x00000000       0x85
 .debug_str     0x00000000       0x85 startup.o
